.next/types/validator.ts(134,39): error TS2307: Cannot find module '../../src/app/api/ai/macros/route.js' or its corresponding type declarations.
